INFO: $08 <-- 0x00000000
INFO: $12 <-- 0x00000001
INFO: memory[0x00000000..0x00000003] <-- 0x8d090000
INFO: memory[0x00000004..0x00000007] <-- 0x8d0a0004
INFO: memory[0x00000008..0x0000000b] <-- 0x00000020
INFO: memory[0x0000000c..0x0000000f] <-- 0x00000020
INFO: memory[0x00000010..0x00000013] <-- 0x012a5820
INFO: memory[0x00000014..0x00000017] <-- 0x00000020
INFO: memory[0x00000018..0x0000001b] <-- 0x00000020
INFO: memory[0x0000001c..0x0000001f] <-- 0xad0b0008
INFO: memory[0x00000020..0x00000023] <-- 0x016c6822
INFO: memory[0x00000024..0x00000027] <-- 0x00000020
INFO: memory[0x00000028..0x0000002b] <-- 0x00000020
INFO: memory[0x0000002c..0x0000002f] <-- 0xad0d000c
INFO: memory[0x00000030..0x00000033] <-- 0x00000020
INFO: memory[0x00000034..0x00000037] <-- 0x00000020
INFO: memory[0x00000038..0x0000003b] <-- 0x00000020
INFO: memory[0x0000003c..0x0000003f] <-- 0x00000020
INFO: memory[0x00000000..0x00000003] <-- 0x00000010
INFO: memory[0x00000004..0x00000007] <-- 0x00000055
==================== Cycle 0 ====================
PC = 0x00000000
Registers:
  $12 = 0x00000001
Data Memory:
  memory[0x00000000..0x00000003] = 0x00000010
  memory[0x00000004..0x00000007] = 0x00000055
Instruction Memory:
  memory[0x00000000..0x00000003] = 0x8d090000
  memory[0x00000004..0x00000007] = 0x8d0a0004
  memory[0x00000008..0x0000000b] = 0x00000020
  memory[0x0000000c..0x0000000f] = 0x00000020
  memory[0x00000010..0x00000013] = 0x012a5820
  memory[0x00000014..0x00000017] = 0x00000020
  memory[0x00000018..0x0000001b] = 0x00000020
  memory[0x0000001c..0x0000001f] = 0xad0b0008
  memory[0x00000020..0x00000023] = 0x016c6822
  memory[0x00000024..0x00000027] = 0x00000020
  memory[0x00000028..0x0000002b] = 0x00000020
  memory[0x0000002c..0x0000002f] = 0xad0d000c
  memory[0x00000030..0x00000033] = 0x00000020
  memory[0x00000034..0x00000037] = 0x00000020
  memory[0x00000038..0x0000003b] = 0x00000020
  memory[0x0000003c..0x0000003f] = 0x00000020
INFO: Simulating cycle 1
==================== Cycle 1 ====================
PC = 0x00000004
Registers:
  $09 = 0x00000010
  $12 = 0x00000001
Data Memory:
  memory[0x00000000..0x00000003] = 0x00000010
  memory[0x00000004..0x00000007] = 0x00000055
Instruction Memory:
  memory[0x00000000..0x00000003] = 0x8d090000
  memory[0x00000004..0x00000007] = 0x8d0a0004
  memory[0x00000008..0x0000000b] = 0x00000020
  memory[0x0000000c..0x0000000f] = 0x00000020
  memory[0x00000010..0x00000013] = 0x012a5820
  memory[0x00000014..0x00000017] = 0x00000020
  memory[0x00000018..0x0000001b] = 0x00000020
  memory[0x0000001c..0x0000001f] = 0xad0b0008
  memory[0x00000020..0x00000023] = 0x016c6822
  memory[0x00000024..0x00000027] = 0x00000020
  memory[0x00000028..0x0000002b] = 0x00000020
  memory[0x0000002c..0x0000002f] = 0xad0d000c
  memory[0x00000030..0x00000033] = 0x00000020
  memory[0x00000034..0x00000037] = 0x00000020
  memory[0x00000038..0x0000003b] = 0x00000020
  memory[0x0000003c..0x0000003f] = 0x00000020
INFO: Simulating cycle 2
==================== Cycle 2 ====================
PC = 0x00000008
Registers:
  $09 = 0x00000010
  $10 = 0x00000055
  $12 = 0x00000001
Data Memory:
  memory[0x00000000..0x00000003] = 0x00000010
  memory[0x00000004..0x00000007] = 0x00000055
Instruction Memory:
  memory[0x00000000..0x00000003] = 0x8d090000
  memory[0x00000004..0x00000007] = 0x8d0a0004
  memory[0x00000008..0x0000000b] = 0x00000020
  memory[0x0000000c..0x0000000f] = 0x00000020
  memory[0x00000010..0x00000013] = 0x012a5820
  memory[0x00000014..0x00000017] = 0x00000020
  memory[0x00000018..0x0000001b] = 0x00000020
  memory[0x0000001c..0x0000001f] = 0xad0b0008
  memory[0x00000020..0x00000023] = 0x016c6822
  memory[0x00000024..0x00000027] = 0x00000020
  memory[0x00000028..0x0000002b] = 0x00000020
  memory[0x0000002c..0x0000002f] = 0xad0d000c
  memory[0x00000030..0x00000033] = 0x00000020
  memory[0x00000034..0x00000037] = 0x00000020
  memory[0x00000038..0x0000003b] = 0x00000020
  memory[0x0000003c..0x0000003f] = 0x00000020
INFO: Simulating cycle 3
==================== Cycle 3 ====================
PC = 0x0000000c
Registers:
  $09 = 0x00000010
  $10 = 0x00000055
  $12 = 0x00000001
Data Memory:
  memory[0x00000000..0x00000003] = 0x00000010
  memory[0x00000004..0x00000007] = 0x00000055
Instruction Memory:
  memory[0x00000000..0x00000003] = 0x8d090000
  memory[0x00000004..0x00000007] = 0x8d0a0004
  memory[0x00000008..0x0000000b] = 0x00000020
  memory[0x0000000c..0x0000000f] = 0x00000020
  memory[0x00000010..0x00000013] = 0x012a5820
  memory[0x00000014..0x00000017] = 0x00000020
  memory[0x00000018..0x0000001b] = 0x00000020
  memory[0x0000001c..0x0000001f] = 0xad0b0008
  memory[0x00000020..0x00000023] = 0x016c6822
  memory[0x00000024..0x00000027] = 0x00000020
  memory[0x00000028..0x0000002b] = 0x00000020
  memory[0x0000002c..0x0000002f] = 0xad0d000c
  memory[0x00000030..0x00000033] = 0x00000020
  memory[0x00000034..0x00000037] = 0x00000020
  memory[0x00000038..0x0000003b] = 0x00000020
  memory[0x0000003c..0x0000003f] = 0x00000020
INFO: Simulating cycle 4
==================== Cycle 4 ====================
PC = 0x00000010
Registers:
  $09 = 0x00000010
  $10 = 0x00000055
  $12 = 0x00000001
Data Memory:
  memory[0x00000000..0x00000003] = 0x00000010
  memory[0x00000004..0x00000007] = 0x00000055
Instruction Memory:
  memory[0x00000000..0x00000003] = 0x8d090000
  memory[0x00000004..0x00000007] = 0x8d0a0004
  memory[0x00000008..0x0000000b] = 0x00000020
  memory[0x0000000c..0x0000000f] = 0x00000020
  memory[0x00000010..0x00000013] = 0x012a5820
  memory[0x00000014..0x00000017] = 0x00000020
  memory[0x00000018..0x0000001b] = 0x00000020
  memory[0x0000001c..0x0000001f] = 0xad0b0008
  memory[0x00000020..0x00000023] = 0x016c6822
  memory[0x00000024..0x00000027] = 0x00000020
  memory[0x00000028..0x0000002b] = 0x00000020
  memory[0x0000002c..0x0000002f] = 0xad0d000c
  memory[0x00000030..0x00000033] = 0x00000020
  memory[0x00000034..0x00000037] = 0x00000020
  memory[0x00000038..0x0000003b] = 0x00000020
  memory[0x0000003c..0x0000003f] = 0x00000020
INFO: Simulating cycle 5
==================== Cycle 5 ====================
PC = 0x00000014
Registers:
  $09 = 0x00000010
  $10 = 0x00000055
  $11 = 0x00000065
  $12 = 0x00000001
Data Memory:
  memory[0x00000000..0x00000003] = 0x00000010
  memory[0x00000004..0x00000007] = 0x00000055
Instruction Memory:
  memory[0x00000000..0x00000003] = 0x8d090000
  memory[0x00000004..0x00000007] = 0x8d0a0004
  memory[0x00000008..0x0000000b] = 0x00000020
  memory[0x0000000c..0x0000000f] = 0x00000020
  memory[0x00000010..0x00000013] = 0x012a5820
  memory[0x00000014..0x00000017] = 0x00000020
  memory[0x00000018..0x0000001b] = 0x00000020
  memory[0x0000001c..0x0000001f] = 0xad0b0008
  memory[0x00000020..0x00000023] = 0x016c6822
  memory[0x00000024..0x00000027] = 0x00000020
  memory[0x00000028..0x0000002b] = 0x00000020
  memory[0x0000002c..0x0000002f] = 0xad0d000c
  memory[0x00000030..0x00000033] = 0x00000020
  memory[0x00000034..0x00000037] = 0x00000020
  memory[0x00000038..0x0000003b] = 0x00000020
  memory[0x0000003c..0x0000003f] = 0x00000020
INFO: Simulating cycle 6
==================== Cycle 6 ====================
PC = 0x00000018
Registers:
  $09 = 0x00000010
  $10 = 0x00000055
  $11 = 0x00000065
  $12 = 0x00000001
Data Memory:
  memory[0x00000000..0x00000003] = 0x00000010
  memory[0x00000004..0x00000007] = 0x00000055
Instruction Memory:
  memory[0x00000000..0x00000003] = 0x8d090000
  memory[0x00000004..0x00000007] = 0x8d0a0004
  memory[0x00000008..0x0000000b] = 0x00000020
  memory[0x0000000c..0x0000000f] = 0x00000020
  memory[0x00000010..0x00000013] = 0x012a5820
  memory[0x00000014..0x00000017] = 0x00000020
  memory[0x00000018..0x0000001b] = 0x00000020
  memory[0x0000001c..0x0000001f] = 0xad0b0008
  memory[0x00000020..0x00000023] = 0x016c6822
  memory[0x00000024..0x00000027] = 0x00000020
  memory[0x00000028..0x0000002b] = 0x00000020
  memory[0x0000002c..0x0000002f] = 0xad0d000c
  memory[0x00000030..0x00000033] = 0x00000020
  memory[0x00000034..0x00000037] = 0x00000020
  memory[0x00000038..0x0000003b] = 0x00000020
  memory[0x0000003c..0x0000003f] = 0x00000020
INFO: Simulating cycle 7
==================== Cycle 7 ====================
PC = 0x0000001c
Registers:
  $09 = 0x00000010
  $10 = 0x00000055
  $11 = 0x00000065
  $12 = 0x00000001
Data Memory:
  memory[0x00000000..0x00000003] = 0x00000010
  memory[0x00000004..0x00000007] = 0x00000055
Instruction Memory:
  memory[0x00000000..0x00000003] = 0x8d090000
  memory[0x00000004..0x00000007] = 0x8d0a0004
  memory[0x00000008..0x0000000b] = 0x00000020
  memory[0x0000000c..0x0000000f] = 0x00000020
  memory[0x00000010..0x00000013] = 0x012a5820
  memory[0x00000014..0x00000017] = 0x00000020
  memory[0x00000018..0x0000001b] = 0x00000020
  memory[0x0000001c..0x0000001f] = 0xad0b0008
  memory[0x00000020..0x00000023] = 0x016c6822
  memory[0x00000024..0x00000027] = 0x00000020
  memory[0x00000028..0x0000002b] = 0x00000020
  memory[0x0000002c..0x0000002f] = 0xad0d000c
  memory[0x00000030..0x00000033] = 0x00000020
  memory[0x00000034..0x00000037] = 0x00000020
  memory[0x00000038..0x0000003b] = 0x00000020
  memory[0x0000003c..0x0000003f] = 0x00000020
INFO: Simulating cycle 8
==================== Cycle 8 ====================
PC = 0x00000020
Registers:
  $09 = 0x00000010
  $10 = 0x00000055
  $11 = 0x00000065
  $12 = 0x00000001
Data Memory:
  memory[0x00000000..0x00000003] = 0x00000010
  memory[0x00000004..0x00000007] = 0x00000055
  memory[0x00000008..0x0000000b] = 0x00000065
Instruction Memory:
  memory[0x00000000..0x00000003] = 0x8d090000
  memory[0x00000004..0x00000007] = 0x8d0a0004
  memory[0x00000008..0x0000000b] = 0x00000020
  memory[0x0000000c..0x0000000f] = 0x00000020
  memory[0x00000010..0x00000013] = 0x012a5820
  memory[0x00000014..0x00000017] = 0x00000020
  memory[0x00000018..0x0000001b] = 0x00000020
  memory[0x0000001c..0x0000001f] = 0xad0b0008
  memory[0x00000020..0x00000023] = 0x016c6822
  memory[0x00000024..0x00000027] = 0x00000020
  memory[0x00000028..0x0000002b] = 0x00000020
  memory[0x0000002c..0x0000002f] = 0xad0d000c
  memory[0x00000030..0x00000033] = 0x00000020
  memory[0x00000034..0x00000037] = 0x00000020
  memory[0x00000038..0x0000003b] = 0x00000020
  memory[0x0000003c..0x0000003f] = 0x00000020
INFO: Simulating cycle 9
==================== Cycle 9 ====================
PC = 0x00000024
Registers:
  $09 = 0x00000010
  $10 = 0x00000055
  $11 = 0x00000065
  $12 = 0x00000001
  $13 = 0x00000064
Data Memory:
  memory[0x00000000..0x00000003] = 0x00000010
  memory[0x00000004..0x00000007] = 0x00000055
  memory[0x00000008..0x0000000b] = 0x00000065
Instruction Memory:
  memory[0x00000000..0x00000003] = 0x8d090000
  memory[0x00000004..0x00000007] = 0x8d0a0004
  memory[0x00000008..0x0000000b] = 0x00000020
  memory[0x0000000c..0x0000000f] = 0x00000020
  memory[0x00000010..0x00000013] = 0x012a5820
  memory[0x00000014..0x00000017] = 0x00000020
  memory[0x00000018..0x0000001b] = 0x00000020
  memory[0x0000001c..0x0000001f] = 0xad0b0008
  memory[0x00000020..0x00000023] = 0x016c6822
  memory[0x00000024..0x00000027] = 0x00000020
  memory[0x00000028..0x0000002b] = 0x00000020
  memory[0x0000002c..0x0000002f] = 0xad0d000c
  memory[0x00000030..0x00000033] = 0x00000020
  memory[0x00000034..0x00000037] = 0x00000020
  memory[0x00000038..0x0000003b] = 0x00000020
  memory[0x0000003c..0x0000003f] = 0x00000020
INFO: Simulating cycle 10
==================== Cycle 10 ====================
PC = 0x00000028
Registers:
  $09 = 0x00000010
  $10 = 0x00000055
  $11 = 0x00000065
  $12 = 0x00000001
  $13 = 0x00000064
Data Memory:
  memory[0x00000000..0x00000003] = 0x00000010
  memory[0x00000004..0x00000007] = 0x00000055
  memory[0x00000008..0x0000000b] = 0x00000065
Instruction Memory:
  memory[0x00000000..0x00000003] = 0x8d090000
  memory[0x00000004..0x00000007] = 0x8d0a0004
  memory[0x00000008..0x0000000b] = 0x00000020
  memory[0x0000000c..0x0000000f] = 0x00000020
  memory[0x00000010..0x00000013] = 0x012a5820
  memory[0x00000014..0x00000017] = 0x00000020
  memory[0x00000018..0x0000001b] = 0x00000020
  memory[0x0000001c..0x0000001f] = 0xad0b0008
  memory[0x00000020..0x00000023] = 0x016c6822
  memory[0x00000024..0x00000027] = 0x00000020
  memory[0x00000028..0x0000002b] = 0x00000020
  memory[0x0000002c..0x0000002f] = 0xad0d000c
  memory[0x00000030..0x00000033] = 0x00000020
  memory[0x00000034..0x00000037] = 0x00000020
  memory[0x00000038..0x0000003b] = 0x00000020
  memory[0x0000003c..0x0000003f] = 0x00000020
INFO: Simulating cycle 11
==================== Cycle 11 ====================
PC = 0x0000002c
Registers:
  $09 = 0x00000010
  $10 = 0x00000055
  $11 = 0x00000065
  $12 = 0x00000001
  $13 = 0x00000064
Data Memory:
  memory[0x00000000..0x00000003] = 0x00000010
  memory[0x00000004..0x00000007] = 0x00000055
  memory[0x00000008..0x0000000b] = 0x00000065
Instruction Memory:
  memory[0x00000000..0x00000003] = 0x8d090000
  memory[0x00000004..0x00000007] = 0x8d0a0004
  memory[0x00000008..0x0000000b] = 0x00000020
  memory[0x0000000c..0x0000000f] = 0x00000020
  memory[0x00000010..0x00000013] = 0x012a5820
  memory[0x00000014..0x00000017] = 0x00000020
  memory[0x00000018..0x0000001b] = 0x00000020
  memory[0x0000001c..0x0000001f] = 0xad0b0008
  memory[0x00000020..0x00000023] = 0x016c6822
  memory[0x00000024..0x00000027] = 0x00000020
  memory[0x00000028..0x0000002b] = 0x00000020
  memory[0x0000002c..0x0000002f] = 0xad0d000c
  memory[0x00000030..0x00000033] = 0x00000020
  memory[0x00000034..0x00000037] = 0x00000020
  memory[0x00000038..0x0000003b] = 0x00000020
  memory[0x0000003c..0x0000003f] = 0x00000020
INFO: Simulating cycle 12
==================== Cycle 12 ====================
PC = 0x00000030
Registers:
  $09 = 0x00000010
  $10 = 0x00000055
  $11 = 0x00000065
  $12 = 0x00000001
  $13 = 0x00000064
Data Memory:
  memory[0x00000000..0x00000003] = 0x00000010
  memory[0x00000004..0x00000007] = 0x00000055
  memory[0x00000008..0x0000000b] = 0x00000065
  memory[0x0000000c..0x0000000f] = 0x00000064
Instruction Memory:
  memory[0x00000000..0x00000003] = 0x8d090000
  memory[0x00000004..0x00000007] = 0x8d0a0004
  memory[0x00000008..0x0000000b] = 0x00000020
  memory[0x0000000c..0x0000000f] = 0x00000020
  memory[0x00000010..0x00000013] = 0x012a5820
  memory[0x00000014..0x00000017] = 0x00000020
  memory[0x00000018..0x0000001b] = 0x00000020
  memory[0x0000001c..0x0000001f] = 0xad0b0008
  memory[0x00000020..0x00000023] = 0x016c6822
  memory[0x00000024..0x00000027] = 0x00000020
  memory[0x00000028..0x0000002b] = 0x00000020
  memory[0x0000002c..0x0000002f] = 0xad0d000c
  memory[0x00000030..0x00000033] = 0x00000020
  memory[0x00000034..0x00000037] = 0x00000020
  memory[0x00000038..0x0000003b] = 0x00000020
  memory[0x0000003c..0x0000003f] = 0x00000020
INFO: Simulating cycle 13
==================== Cycle 13 ====================
PC = 0x00000034
Registers:
  $09 = 0x00000010
  $10 = 0x00000055
  $11 = 0x00000065
  $12 = 0x00000001
  $13 = 0x00000064
Data Memory:
  memory[0x00000000..0x00000003] = 0x00000010
  memory[0x00000004..0x00000007] = 0x00000055
  memory[0x00000008..0x0000000b] = 0x00000065
  memory[0x0000000c..0x0000000f] = 0x00000064
Instruction Memory:
  memory[0x00000000..0x00000003] = 0x8d090000
  memory[0x00000004..0x00000007] = 0x8d0a0004
  memory[0x00000008..0x0000000b] = 0x00000020
  memory[0x0000000c..0x0000000f] = 0x00000020
  memory[0x00000010..0x00000013] = 0x012a5820
  memory[0x00000014..0x00000017] = 0x00000020
  memory[0x00000018..0x0000001b] = 0x00000020
  memory[0x0000001c..0x0000001f] = 0xad0b0008
  memory[0x00000020..0x00000023] = 0x016c6822
  memory[0x00000024..0x00000027] = 0x00000020
  memory[0x00000028..0x0000002b] = 0x00000020
  memory[0x0000002c..0x0000002f] = 0xad0d000c
  memory[0x00000030..0x00000033] = 0x00000020
  memory[0x00000034..0x00000037] = 0x00000020
  memory[0x00000038..0x0000003b] = 0x00000020
  memory[0x0000003c..0x0000003f] = 0x00000020
INFO: Simulating cycle 14
==================== Cycle 14 ====================
PC = 0x00000038
Registers:
  $09 = 0x00000010
  $10 = 0x00000055
  $11 = 0x00000065
  $12 = 0x00000001
  $13 = 0x00000064
Data Memory:
  memory[0x00000000..0x00000003] = 0x00000010
  memory[0x00000004..0x00000007] = 0x00000055
  memory[0x00000008..0x0000000b] = 0x00000065
  memory[0x0000000c..0x0000000f] = 0x00000064
Instruction Memory:
  memory[0x00000000..0x00000003] = 0x8d090000
  memory[0x00000004..0x00000007] = 0x8d0a0004
  memory[0x00000008..0x0000000b] = 0x00000020
  memory[0x0000000c..0x0000000f] = 0x00000020
  memory[0x00000010..0x00000013] = 0x012a5820
  memory[0x00000014..0x00000017] = 0x00000020
  memory[0x00000018..0x0000001b] = 0x00000020
  memory[0x0000001c..0x0000001f] = 0xad0b0008
  memory[0x00000020..0x00000023] = 0x016c6822
  memory[0x00000024..0x00000027] = 0x00000020
  memory[0x00000028..0x0000002b] = 0x00000020
  memory[0x0000002c..0x0000002f] = 0xad0d000c
  memory[0x00000030..0x00000033] = 0x00000020
  memory[0x00000034..0x00000037] = 0x00000020
  memory[0x00000038..0x0000003b] = 0x00000020
  memory[0x0000003c..0x0000003f] = 0x00000020
INFO: Simulating cycle 15
==================== Cycle 15 ====================
PC = 0x0000003c
Registers:
  $09 = 0x00000010
  $10 = 0x00000055
  $11 = 0x00000065
  $12 = 0x00000001
  $13 = 0x00000064
Data Memory:
  memory[0x00000000..0x00000003] = 0x00000010
  memory[0x00000004..0x00000007] = 0x00000055
  memory[0x00000008..0x0000000b] = 0x00000065
  memory[0x0000000c..0x0000000f] = 0x00000064
Instruction Memory:
  memory[0x00000000..0x00000003] = 0x8d090000
  memory[0x00000004..0x00000007] = 0x8d0a0004
  memory[0x00000008..0x0000000b] = 0x00000020
  memory[0x0000000c..0x0000000f] = 0x00000020
  memory[0x00000010..0x00000013] = 0x012a5820
  memory[0x00000014..0x00000017] = 0x00000020
  memory[0x00000018..0x0000001b] = 0x00000020
  memory[0x0000001c..0x0000001f] = 0xad0b0008
  memory[0x00000020..0x00000023] = 0x016c6822
  memory[0x00000024..0x00000027] = 0x00000020
  memory[0x00000028..0x0000002b] = 0x00000020
  memory[0x0000002c..0x0000002f] = 0xad0d000c
  memory[0x00000030..0x00000033] = 0x00000020
  memory[0x00000034..0x00000037] = 0x00000020
  memory[0x00000038..0x0000003b] = 0x00000020
  memory[0x0000003c..0x0000003f] = 0x00000020
INFO: Simulating cycle 16
==================== Cycle 16 ====================
PC = 0x00000040
Registers:
  $09 = 0x00000010
  $10 = 0x00000055
  $11 = 0x00000065
  $12 = 0x00000001
  $13 = 0x00000064
Data Memory:
  memory[0x00000000..0x00000003] = 0x00000010
  memory[0x00000004..0x00000007] = 0x00000055
  memory[0x00000008..0x0000000b] = 0x00000065
  memory[0x0000000c..0x0000000f] = 0x00000064
Instruction Memory:
  memory[0x00000000..0x00000003] = 0x8d090000
  memory[0x00000004..0x00000007] = 0x8d0a0004
  memory[0x00000008..0x0000000b] = 0x00000020
  memory[0x0000000c..0x0000000f] = 0x00000020
  memory[0x00000010..0x00000013] = 0x012a5820
  memory[0x00000014..0x00000017] = 0x00000020
  memory[0x00000018..0x0000001b] = 0x00000020
  memory[0x0000001c..0x0000001f] = 0xad0b0008
  memory[0x00000020..0x00000023] = 0x016c6822
  memory[0x00000024..0x00000027] = 0x00000020
  memory[0x00000028..0x0000002b] = 0x00000020
  memory[0x0000002c..0x0000002f] = 0xad0d000c
  memory[0x00000030..0x00000033] = 0x00000020
  memory[0x00000034..0x00000037] = 0x00000020
  memory[0x00000038..0x0000003b] = 0x00000020
  memory[0x0000003c..0x0000003f] = 0x00000020
