INFO: $08 <-- 0x00000711
INFO: $09 <-- 0x00000711
INFO: $10 <-- 0x00001030
INFO: $11 <-- 0x00000703
INFO: memory[0x00000000..0x00000003] <-- 0x11090005
INFO: memory[0x00000004..0x00000007] <-- 0x00000020
INFO: memory[0x00000008..0x0000000b] <-- 0x00000020
INFO: memory[0x0000000c..0x0000000f] <-- 0x01097020
INFO: memory[0x00000010..0x00000013] <-- 0x00000020
INFO: memory[0x00000014..0x00000017] <-- 0x00000020
INFO: memory[0x00000018..0x0000001b] <-- 0x01686025
INFO: memory[0x0000001c..0x0000001f] <-- 0x110a0007
INFO: memory[0x00000020..0x00000023] <-- 0x00000020
INFO: memory[0x00000024..0x00000027] <-- 0x00000020
INFO: memory[0x00000028..0x0000002b] <-- 0x01686824
INFO: memory[0x0000002c..0x0000002f] <-- 0x00000020
INFO: memory[0x00000030..0x00000033] <-- 0x00000020
INFO: memory[0x00000034..0x00000037] <-- 0x00000020
INFO: memory[0x00000038..0x0000003b] <-- 0x00000020
INFO: memory[0x0000003c..0x0000003f] <-- 0x01097020
INFO: memory[0x00000040..0x00000043] <-- 0x00000020
INFO: memory[0x00000044..0x00000047] <-- 0x00000020
INFO: memory[0x00000048..0x0000004b] <-- 0x00000020
INFO: memory[0x0000004c..0x0000004f] <-- 0x00000020
INFO: memory[0x00000000..0x00000003] <-- 0x00000010
INFO: memory[0x00000004..0x00000007] <-- 0x00000055
==================== Cycle 0 ====================
PC = 0x00000000
Registers:
  $08 = 0x00000711
  $09 = 0x00000711
  $10 = 0x00001030
  $11 = 0x00000703
Data Memory:
  memory[0x00000000..0x00000003] = 0x00000010
  memory[0x00000004..0x00000007] = 0x00000055
Instruction Memory:
  memory[0x00000000..0x00000003] = 0x11090005
  memory[0x00000004..0x00000007] = 0x00000020
  memory[0x00000008..0x0000000b] = 0x00000020
  memory[0x0000000c..0x0000000f] = 0x01097020
  memory[0x00000010..0x00000013] = 0x00000020
  memory[0x00000014..0x00000017] = 0x00000020
  memory[0x00000018..0x0000001b] = 0x01686025
  memory[0x0000001c..0x0000001f] = 0x110a0007
  memory[0x00000020..0x00000023] = 0x00000020
  memory[0x00000024..0x00000027] = 0x00000020
  memory[0x00000028..0x0000002b] = 0x01686824
  memory[0x0000002c..0x0000002f] = 0x00000020
  memory[0x00000030..0x00000033] = 0x00000020
  memory[0x00000034..0x00000037] = 0x00000020
  memory[0x00000038..0x0000003b] = 0x00000020
  memory[0x0000003c..0x0000003f] = 0x01097020
  memory[0x00000040..0x00000043] = 0x00000020
  memory[0x00000044..0x00000047] = 0x00000020
  memory[0x00000048..0x0000004b] = 0x00000020
  memory[0x0000004c..0x0000004f] = 0x00000020
INFO: Simulating cycle 1
==================== Cycle 1 ====================
PC = 0x00000018
Registers:
  $08 = 0x00000711
  $09 = 0x00000711
  $10 = 0x00001030
  $11 = 0x00000703
Data Memory:
  memory[0x00000000..0x00000003] = 0x00000010
  memory[0x00000004..0x00000007] = 0x00000055
Instruction Memory:
  memory[0x00000000..0x00000003] = 0x11090005
  memory[0x00000004..0x00000007] = 0x00000020
  memory[0x00000008..0x0000000b] = 0x00000020
  memory[0x0000000c..0x0000000f] = 0x01097020
  memory[0x00000010..0x00000013] = 0x00000020
  memory[0x00000014..0x00000017] = 0x00000020
  memory[0x00000018..0x0000001b] = 0x01686025
  memory[0x0000001c..0x0000001f] = 0x110a0007
  memory[0x00000020..0x00000023] = 0x00000020
  memory[0x00000024..0x00000027] = 0x00000020
  memory[0x00000028..0x0000002b] = 0x01686824
  memory[0x0000002c..0x0000002f] = 0x00000020
  memory[0x00000030..0x00000033] = 0x00000020
  memory[0x00000034..0x00000037] = 0x00000020
  memory[0x00000038..0x0000003b] = 0x00000020
  memory[0x0000003c..0x0000003f] = 0x01097020
  memory[0x00000040..0x00000043] = 0x00000020
  memory[0x00000044..0x00000047] = 0x00000020
  memory[0x00000048..0x0000004b] = 0x00000020
  memory[0x0000004c..0x0000004f] = 0x00000020
INFO: Simulating cycle 2
==================== Cycle 2 ====================
PC = 0x0000001c
Registers:
  $08 = 0x00000711
  $09 = 0x00000711
  $10 = 0x00001030
  $11 = 0x00000703
  $12 = 0x00000713
Data Memory:
  memory[0x00000000..0x00000003] = 0x00000010
  memory[0x00000004..0x00000007] = 0x00000055
Instruction Memory:
  memory[0x00000000..0x00000003] = 0x11090005
  memory[0x00000004..0x00000007] = 0x00000020
  memory[0x00000008..0x0000000b] = 0x00000020
  memory[0x0000000c..0x0000000f] = 0x01097020
  memory[0x00000010..0x00000013] = 0x00000020
  memory[0x00000014..0x00000017] = 0x00000020
  memory[0x00000018..0x0000001b] = 0x01686025
  memory[0x0000001c..0x0000001f] = 0x110a0007
  memory[0x00000020..0x00000023] = 0x00000020
  memory[0x00000024..0x00000027] = 0x00000020
  memory[0x00000028..0x0000002b] = 0x01686824
  memory[0x0000002c..0x0000002f] = 0x00000020
  memory[0x00000030..0x00000033] = 0x00000020
  memory[0x00000034..0x00000037] = 0x00000020
  memory[0x00000038..0x0000003b] = 0x00000020
  memory[0x0000003c..0x0000003f] = 0x01097020
  memory[0x00000040..0x00000043] = 0x00000020
  memory[0x00000044..0x00000047] = 0x00000020
  memory[0x00000048..0x0000004b] = 0x00000020
  memory[0x0000004c..0x0000004f] = 0x00000020
INFO: Simulating cycle 3
==================== Cycle 3 ====================
PC = 0x00000020
Registers:
  $08 = 0x00000711
  $09 = 0x00000711
  $10 = 0x00001030
  $11 = 0x00000703
  $12 = 0x00000713
Data Memory:
  memory[0x00000000..0x00000003] = 0x00000010
  memory[0x00000004..0x00000007] = 0x00000055
Instruction Memory:
  memory[0x00000000..0x00000003] = 0x11090005
  memory[0x00000004..0x00000007] = 0x00000020
  memory[0x00000008..0x0000000b] = 0x00000020
  memory[0x0000000c..0x0000000f] = 0x01097020
  memory[0x00000010..0x00000013] = 0x00000020
  memory[0x00000014..0x00000017] = 0x00000020
  memory[0x00000018..0x0000001b] = 0x01686025
  memory[0x0000001c..0x0000001f] = 0x110a0007
  memory[0x00000020..0x00000023] = 0x00000020
  memory[0x00000024..0x00000027] = 0x00000020
  memory[0x00000028..0x0000002b] = 0x01686824
  memory[0x0000002c..0x0000002f] = 0x00000020
  memory[0x00000030..0x00000033] = 0x00000020
  memory[0x00000034..0x00000037] = 0x00000020
  memory[0x00000038..0x0000003b] = 0x00000020
  memory[0x0000003c..0x0000003f] = 0x01097020
  memory[0x00000040..0x00000043] = 0x00000020
  memory[0x00000044..0x00000047] = 0x00000020
  memory[0x00000048..0x0000004b] = 0x00000020
  memory[0x0000004c..0x0000004f] = 0x00000020
INFO: Simulating cycle 4
==================== Cycle 4 ====================
PC = 0x00000024
Registers:
  $08 = 0x00000711
  $09 = 0x00000711
  $10 = 0x00001030
  $11 = 0x00000703
  $12 = 0x00000713
Data Memory:
  memory[0x00000000..0x00000003] = 0x00000010
  memory[0x00000004..0x00000007] = 0x00000055
Instruction Memory:
  memory[0x00000000..0x00000003] = 0x11090005
  memory[0x00000004..0x00000007] = 0x00000020
  memory[0x00000008..0x0000000b] = 0x00000020
  memory[0x0000000c..0x0000000f] = 0x01097020
  memory[0x00000010..0x00000013] = 0x00000020
  memory[0x00000014..0x00000017] = 0x00000020
  memory[0x00000018..0x0000001b] = 0x01686025
  memory[0x0000001c..0x0000001f] = 0x110a0007
  memory[0x00000020..0x00000023] = 0x00000020
  memory[0x00000024..0x00000027] = 0x00000020
  memory[0x00000028..0x0000002b] = 0x01686824
  memory[0x0000002c..0x0000002f] = 0x00000020
  memory[0x00000030..0x00000033] = 0x00000020
  memory[0x00000034..0x00000037] = 0x00000020
  memory[0x00000038..0x0000003b] = 0x00000020
  memory[0x0000003c..0x0000003f] = 0x01097020
  memory[0x00000040..0x00000043] = 0x00000020
  memory[0x00000044..0x00000047] = 0x00000020
  memory[0x00000048..0x0000004b] = 0x00000020
  memory[0x0000004c..0x0000004f] = 0x00000020
INFO: Simulating cycle 5
==================== Cycle 5 ====================
PC = 0x00000028
Registers:
  $08 = 0x00000711
  $09 = 0x00000711
  $10 = 0x00001030
  $11 = 0x00000703
  $12 = 0x00000713
Data Memory:
  memory[0x00000000..0x00000003] = 0x00000010
  memory[0x00000004..0x00000007] = 0x00000055
Instruction Memory:
  memory[0x00000000..0x00000003] = 0x11090005
  memory[0x00000004..0x00000007] = 0x00000020
  memory[0x00000008..0x0000000b] = 0x00000020
  memory[0x0000000c..0x0000000f] = 0x01097020
  memory[0x00000010..0x00000013] = 0x00000020
  memory[0x00000014..0x00000017] = 0x00000020
  memory[0x00000018..0x0000001b] = 0x01686025
  memory[0x0000001c..0x0000001f] = 0x110a0007
  memory[0x00000020..0x00000023] = 0x00000020
  memory[0x00000024..0x00000027] = 0x00000020
  memory[0x00000028..0x0000002b] = 0x01686824
  memory[0x0000002c..0x0000002f] = 0x00000020
  memory[0x00000030..0x00000033] = 0x00000020
  memory[0x00000034..0x00000037] = 0x00000020
  memory[0x00000038..0x0000003b] = 0x00000020
  memory[0x0000003c..0x0000003f] = 0x01097020
  memory[0x00000040..0x00000043] = 0x00000020
  memory[0x00000044..0x00000047] = 0x00000020
  memory[0x00000048..0x0000004b] = 0x00000020
  memory[0x0000004c..0x0000004f] = 0x00000020
INFO: Simulating cycle 6
==================== Cycle 6 ====================
PC = 0x0000002c
Registers:
  $08 = 0x00000711
  $09 = 0x00000711
  $10 = 0x00001030
  $11 = 0x00000703
  $12 = 0x00000713
  $13 = 0x00000701
Data Memory:
  memory[0x00000000..0x00000003] = 0x00000010
  memory[0x00000004..0x00000007] = 0x00000055
Instruction Memory:
  memory[0x00000000..0x00000003] = 0x11090005
  memory[0x00000004..0x00000007] = 0x00000020
  memory[0x00000008..0x0000000b] = 0x00000020
  memory[0x0000000c..0x0000000f] = 0x01097020
  memory[0x00000010..0x00000013] = 0x00000020
  memory[0x00000014..0x00000017] = 0x00000020
  memory[0x00000018..0x0000001b] = 0x01686025
  memory[0x0000001c..0x0000001f] = 0x110a0007
  memory[0x00000020..0x00000023] = 0x00000020
  memory[0x00000024..0x00000027] = 0x00000020
  memory[0x00000028..0x0000002b] = 0x01686824
  memory[0x0000002c..0x0000002f] = 0x00000020
  memory[0x00000030..0x00000033] = 0x00000020
  memory[0x00000034..0x00000037] = 0x00000020
  memory[0x00000038..0x0000003b] = 0x00000020
  memory[0x0000003c..0x0000003f] = 0x01097020
  memory[0x00000040..0x00000043] = 0x00000020
  memory[0x00000044..0x00000047] = 0x00000020
  memory[0x00000048..0x0000004b] = 0x00000020
  memory[0x0000004c..0x0000004f] = 0x00000020
INFO: Simulating cycle 7
==================== Cycle 7 ====================
PC = 0x00000030
Registers:
  $08 = 0x00000711
  $09 = 0x00000711
  $10 = 0x00001030
  $11 = 0x00000703
  $12 = 0x00000713
  $13 = 0x00000701
Data Memory:
  memory[0x00000000..0x00000003] = 0x00000010
  memory[0x00000004..0x00000007] = 0x00000055
Instruction Memory:
  memory[0x00000000..0x00000003] = 0x11090005
  memory[0x00000004..0x00000007] = 0x00000020
  memory[0x00000008..0x0000000b] = 0x00000020
  memory[0x0000000c..0x0000000f] = 0x01097020
  memory[0x00000010..0x00000013] = 0x00000020
  memory[0x00000014..0x00000017] = 0x00000020
  memory[0x00000018..0x0000001b] = 0x01686025
  memory[0x0000001c..0x0000001f] = 0x110a0007
  memory[0x00000020..0x00000023] = 0x00000020
  memory[0x00000024..0x00000027] = 0x00000020
  memory[0x00000028..0x0000002b] = 0x01686824
  memory[0x0000002c..0x0000002f] = 0x00000020
  memory[0x00000030..0x00000033] = 0x00000020
  memory[0x00000034..0x00000037] = 0x00000020
  memory[0x00000038..0x0000003b] = 0x00000020
  memory[0x0000003c..0x0000003f] = 0x01097020
  memory[0x00000040..0x00000043] = 0x00000020
  memory[0x00000044..0x00000047] = 0x00000020
  memory[0x00000048..0x0000004b] = 0x00000020
  memory[0x0000004c..0x0000004f] = 0x00000020
INFO: Simulating cycle 8
==================== Cycle 8 ====================
PC = 0x00000034
Registers:
  $08 = 0x00000711
  $09 = 0x00000711
  $10 = 0x00001030
  $11 = 0x00000703
  $12 = 0x00000713
  $13 = 0x00000701
Data Memory:
  memory[0x00000000..0x00000003] = 0x00000010
  memory[0x00000004..0x00000007] = 0x00000055
Instruction Memory:
  memory[0x00000000..0x00000003] = 0x11090005
  memory[0x00000004..0x00000007] = 0x00000020
  memory[0x00000008..0x0000000b] = 0x00000020
  memory[0x0000000c..0x0000000f] = 0x01097020
  memory[0x00000010..0x00000013] = 0x00000020
  memory[0x00000014..0x00000017] = 0x00000020
  memory[0x00000018..0x0000001b] = 0x01686025
  memory[0x0000001c..0x0000001f] = 0x110a0007
  memory[0x00000020..0x00000023] = 0x00000020
  memory[0x00000024..0x00000027] = 0x00000020
  memory[0x00000028..0x0000002b] = 0x01686824
  memory[0x0000002c..0x0000002f] = 0x00000020
  memory[0x00000030..0x00000033] = 0x00000020
  memory[0x00000034..0x00000037] = 0x00000020
  memory[0x00000038..0x0000003b] = 0x00000020
  memory[0x0000003c..0x0000003f] = 0x01097020
  memory[0x00000040..0x00000043] = 0x00000020
  memory[0x00000044..0x00000047] = 0x00000020
  memory[0x00000048..0x0000004b] = 0x00000020
  memory[0x0000004c..0x0000004f] = 0x00000020
INFO: Simulating cycle 9
==================== Cycle 9 ====================
PC = 0x00000038
Registers:
  $08 = 0x00000711
  $09 = 0x00000711
  $10 = 0x00001030
  $11 = 0x00000703
  $12 = 0x00000713
  $13 = 0x00000701
Data Memory:
  memory[0x00000000..0x00000003] = 0x00000010
  memory[0x00000004..0x00000007] = 0x00000055
Instruction Memory:
  memory[0x00000000..0x00000003] = 0x11090005
  memory[0x00000004..0x00000007] = 0x00000020
  memory[0x00000008..0x0000000b] = 0x00000020
  memory[0x0000000c..0x0000000f] = 0x01097020
  memory[0x00000010..0x00000013] = 0x00000020
  memory[0x00000014..0x00000017] = 0x00000020
  memory[0x00000018..0x0000001b] = 0x01686025
  memory[0x0000001c..0x0000001f] = 0x110a0007
  memory[0x00000020..0x00000023] = 0x00000020
  memory[0x00000024..0x00000027] = 0x00000020
  memory[0x00000028..0x0000002b] = 0x01686824
  memory[0x0000002c..0x0000002f] = 0x00000020
  memory[0x00000030..0x00000033] = 0x00000020
  memory[0x00000034..0x00000037] = 0x00000020
  memory[0x00000038..0x0000003b] = 0x00000020
  memory[0x0000003c..0x0000003f] = 0x01097020
  memory[0x00000040..0x00000043] = 0x00000020
  memory[0x00000044..0x00000047] = 0x00000020
  memory[0x00000048..0x0000004b] = 0x00000020
  memory[0x0000004c..0x0000004f] = 0x00000020
INFO: Simulating cycle 10
==================== Cycle 10 ====================
PC = 0x0000003c
Registers:
  $08 = 0x00000711
  $09 = 0x00000711
  $10 = 0x00001030
  $11 = 0x00000703
  $12 = 0x00000713
  $13 = 0x00000701
Data Memory:
  memory[0x00000000..0x00000003] = 0x00000010
  memory[0x00000004..0x00000007] = 0x00000055
Instruction Memory:
  memory[0x00000000..0x00000003] = 0x11090005
  memory[0x00000004..0x00000007] = 0x00000020
  memory[0x00000008..0x0000000b] = 0x00000020
  memory[0x0000000c..0x0000000f] = 0x01097020
  memory[0x00000010..0x00000013] = 0x00000020
  memory[0x00000014..0x00000017] = 0x00000020
  memory[0x00000018..0x0000001b] = 0x01686025
  memory[0x0000001c..0x0000001f] = 0x110a0007
  memory[0x00000020..0x00000023] = 0x00000020
  memory[0x00000024..0x00000027] = 0x00000020
  memory[0x00000028..0x0000002b] = 0x01686824
  memory[0x0000002c..0x0000002f] = 0x00000020
  memory[0x00000030..0x00000033] = 0x00000020
  memory[0x00000034..0x00000037] = 0x00000020
  memory[0x00000038..0x0000003b] = 0x00000020
  memory[0x0000003c..0x0000003f] = 0x01097020
  memory[0x00000040..0x00000043] = 0x00000020
  memory[0x00000044..0x00000047] = 0x00000020
  memory[0x00000048..0x0000004b] = 0x00000020
  memory[0x0000004c..0x0000004f] = 0x00000020
INFO: Simulating cycle 11
==================== Cycle 11 ====================
PC = 0x00000040
Registers:
  $08 = 0x00000711
  $09 = 0x00000711
  $10 = 0x00001030
  $11 = 0x00000703
  $12 = 0x00000713
  $13 = 0x00000701
  $14 = 0x00000e22
Data Memory:
  memory[0x00000000..0x00000003] = 0x00000010
  memory[0x00000004..0x00000007] = 0x00000055
Instruction Memory:
  memory[0x00000000..0x00000003] = 0x11090005
  memory[0x00000004..0x00000007] = 0x00000020
  memory[0x00000008..0x0000000b] = 0x00000020
  memory[0x0000000c..0x0000000f] = 0x01097020
  memory[0x00000010..0x00000013] = 0x00000020
  memory[0x00000014..0x00000017] = 0x00000020
  memory[0x00000018..0x0000001b] = 0x01686025
  memory[0x0000001c..0x0000001f] = 0x110a0007
  memory[0x00000020..0x00000023] = 0x00000020
  memory[0x00000024..0x00000027] = 0x00000020
  memory[0x00000028..0x0000002b] = 0x01686824
  memory[0x0000002c..0x0000002f] = 0x00000020
  memory[0x00000030..0x00000033] = 0x00000020
  memory[0x00000034..0x00000037] = 0x00000020
  memory[0x00000038..0x0000003b] = 0x00000020
  memory[0x0000003c..0x0000003f] = 0x01097020
  memory[0x00000040..0x00000043] = 0x00000020
  memory[0x00000044..0x00000047] = 0x00000020
  memory[0x00000048..0x0000004b] = 0x00000020
  memory[0x0000004c..0x0000004f] = 0x00000020
INFO: Simulating cycle 12
==================== Cycle 12 ====================
PC = 0x00000044
Registers:
  $08 = 0x00000711
  $09 = 0x00000711
  $10 = 0x00001030
  $11 = 0x00000703
  $12 = 0x00000713
  $13 = 0x00000701
  $14 = 0x00000e22
Data Memory:
  memory[0x00000000..0x00000003] = 0x00000010
  memory[0x00000004..0x00000007] = 0x00000055
Instruction Memory:
  memory[0x00000000..0x00000003] = 0x11090005
  memory[0x00000004..0x00000007] = 0x00000020
  memory[0x00000008..0x0000000b] = 0x00000020
  memory[0x0000000c..0x0000000f] = 0x01097020
  memory[0x00000010..0x00000013] = 0x00000020
  memory[0x00000014..0x00000017] = 0x00000020
  memory[0x00000018..0x0000001b] = 0x01686025
  memory[0x0000001c..0x0000001f] = 0x110a0007
  memory[0x00000020..0x00000023] = 0x00000020
  memory[0x00000024..0x00000027] = 0x00000020
  memory[0x00000028..0x0000002b] = 0x01686824
  memory[0x0000002c..0x0000002f] = 0x00000020
  memory[0x00000030..0x00000033] = 0x00000020
  memory[0x00000034..0x00000037] = 0x00000020
  memory[0x00000038..0x0000003b] = 0x00000020
  memory[0x0000003c..0x0000003f] = 0x01097020
  memory[0x00000040..0x00000043] = 0x00000020
  memory[0x00000044..0x00000047] = 0x00000020
  memory[0x00000048..0x0000004b] = 0x00000020
  memory[0x0000004c..0x0000004f] = 0x00000020
INFO: Simulating cycle 13
==================== Cycle 13 ====================
PC = 0x00000048
Registers:
  $08 = 0x00000711
  $09 = 0x00000711
  $10 = 0x00001030
  $11 = 0x00000703
  $12 = 0x00000713
  $13 = 0x00000701
  $14 = 0x00000e22
Data Memory:
  memory[0x00000000..0x00000003] = 0x00000010
  memory[0x00000004..0x00000007] = 0x00000055
Instruction Memory:
  memory[0x00000000..0x00000003] = 0x11090005
  memory[0x00000004..0x00000007] = 0x00000020
  memory[0x00000008..0x0000000b] = 0x00000020
  memory[0x0000000c..0x0000000f] = 0x01097020
  memory[0x00000010..0x00000013] = 0x00000020
  memory[0x00000014..0x00000017] = 0x00000020
  memory[0x00000018..0x0000001b] = 0x01686025
  memory[0x0000001c..0x0000001f] = 0x110a0007
  memory[0x00000020..0x00000023] = 0x00000020
  memory[0x00000024..0x00000027] = 0x00000020
  memory[0x00000028..0x0000002b] = 0x01686824
  memory[0x0000002c..0x0000002f] = 0x00000020
  memory[0x00000030..0x00000033] = 0x00000020
  memory[0x00000034..0x00000037] = 0x00000020
  memory[0x00000038..0x0000003b] = 0x00000020
  memory[0x0000003c..0x0000003f] = 0x01097020
  memory[0x00000040..0x00000043] = 0x00000020
  memory[0x00000044..0x00000047] = 0x00000020
  memory[0x00000048..0x0000004b] = 0x00000020
  memory[0x0000004c..0x0000004f] = 0x00000020
INFO: Simulating cycle 14
==================== Cycle 14 ====================
PC = 0x0000004c
Registers:
  $08 = 0x00000711
  $09 = 0x00000711
  $10 = 0x00001030
  $11 = 0x00000703
  $12 = 0x00000713
  $13 = 0x00000701
  $14 = 0x00000e22
Data Memory:
  memory[0x00000000..0x00000003] = 0x00000010
  memory[0x00000004..0x00000007] = 0x00000055
Instruction Memory:
  memory[0x00000000..0x00000003] = 0x11090005
  memory[0x00000004..0x00000007] = 0x00000020
  memory[0x00000008..0x0000000b] = 0x00000020
  memory[0x0000000c..0x0000000f] = 0x01097020
  memory[0x00000010..0x00000013] = 0x00000020
  memory[0x00000014..0x00000017] = 0x00000020
  memory[0x00000018..0x0000001b] = 0x01686025
  memory[0x0000001c..0x0000001f] = 0x110a0007
  memory[0x00000020..0x00000023] = 0x00000020
  memory[0x00000024..0x00000027] = 0x00000020
  memory[0x00000028..0x0000002b] = 0x01686824
  memory[0x0000002c..0x0000002f] = 0x00000020
  memory[0x00000030..0x00000033] = 0x00000020
  memory[0x00000034..0x00000037] = 0x00000020
  memory[0x00000038..0x0000003b] = 0x00000020
  memory[0x0000003c..0x0000003f] = 0x01097020
  memory[0x00000040..0x00000043] = 0x00000020
  memory[0x00000044..0x00000047] = 0x00000020
  memory[0x00000048..0x0000004b] = 0x00000020
  memory[0x0000004c..0x0000004f] = 0x00000020
INFO: Simulating cycle 15
==================== Cycle 15 ====================
PC = 0x00000050
Registers:
  $08 = 0x00000711
  $09 = 0x00000711
  $10 = 0x00001030
  $11 = 0x00000703
  $12 = 0x00000713
  $13 = 0x00000701
  $14 = 0x00000e22
Data Memory:
  memory[0x00000000..0x00000003] = 0x00000010
  memory[0x00000004..0x00000007] = 0x00000055
Instruction Memory:
  memory[0x00000000..0x00000003] = 0x11090005
  memory[0x00000004..0x00000007] = 0x00000020
  memory[0x00000008..0x0000000b] = 0x00000020
  memory[0x0000000c..0x0000000f] = 0x01097020
  memory[0x00000010..0x00000013] = 0x00000020
  memory[0x00000014..0x00000017] = 0x00000020
  memory[0x00000018..0x0000001b] = 0x01686025
  memory[0x0000001c..0x0000001f] = 0x110a0007
  memory[0x00000020..0x00000023] = 0x00000020
  memory[0x00000024..0x00000027] = 0x00000020
  memory[0x00000028..0x0000002b] = 0x01686824
  memory[0x0000002c..0x0000002f] = 0x00000020
  memory[0x00000030..0x00000033] = 0x00000020
  memory[0x00000034..0x00000037] = 0x00000020
  memory[0x00000038..0x0000003b] = 0x00000020
  memory[0x0000003c..0x0000003f] = 0x01097020
  memory[0x00000040..0x00000043] = 0x00000020
  memory[0x00000044..0x00000047] = 0x00000020
  memory[0x00000048..0x0000004b] = 0x00000020
  memory[0x0000004c..0x0000004f] = 0x00000020
INFO: Simulating cycle 16
WARNING: Unsupported `funct' 0
==================== Cycle 16 ====================
PC = 0x00000054
Registers:
  $08 = 0x00000711
  $09 = 0x00000711
  $10 = 0x00001030
  $11 = 0x00000703
  $12 = 0x00000713
  $13 = 0x00000701
  $14 = 0x00000e22
Data Memory:
  memory[0x00000000..0x00000003] = 0x00000010
  memory[0x00000004..0x00000007] = 0x00000055
Instruction Memory:
  memory[0x00000000..0x00000003] = 0x11090005
  memory[0x00000004..0x00000007] = 0x00000020
  memory[0x00000008..0x0000000b] = 0x00000020
  memory[0x0000000c..0x0000000f] = 0x01097020
  memory[0x00000010..0x00000013] = 0x00000020
  memory[0x00000014..0x00000017] = 0x00000020
  memory[0x00000018..0x0000001b] = 0x01686025
  memory[0x0000001c..0x0000001f] = 0x110a0007
  memory[0x00000020..0x00000023] = 0x00000020
  memory[0x00000024..0x00000027] = 0x00000020
  memory[0x00000028..0x0000002b] = 0x01686824
  memory[0x0000002c..0x0000002f] = 0x00000020
  memory[0x00000030..0x00000033] = 0x00000020
  memory[0x00000034..0x00000037] = 0x00000020
  memory[0x00000038..0x0000003b] = 0x00000020
  memory[0x0000003c..0x0000003f] = 0x01097020
  memory[0x00000040..0x00000043] = 0x00000020
  memory[0x00000044..0x00000047] = 0x00000020
  memory[0x00000048..0x0000004b] = 0x00000020
  memory[0x0000004c..0x0000004f] = 0x00000020
INFO: Simulating cycle 17
WARNING: Unsupported `funct' 0
==================== Cycle 17 ====================
PC = 0x00000058
Registers:
  $08 = 0x00000711
  $09 = 0x00000711
  $10 = 0x00001030
  $11 = 0x00000703
  $12 = 0x00000713
  $13 = 0x00000701
  $14 = 0x00000e22
Data Memory:
  memory[0x00000000..0x00000003] = 0x00000010
  memory[0x00000004..0x00000007] = 0x00000055
Instruction Memory:
  memory[0x00000000..0x00000003] = 0x11090005
  memory[0x00000004..0x00000007] = 0x00000020
  memory[0x00000008..0x0000000b] = 0x00000020
  memory[0x0000000c..0x0000000f] = 0x01097020
  memory[0x00000010..0x00000013] = 0x00000020
  memory[0x00000014..0x00000017] = 0x00000020
  memory[0x00000018..0x0000001b] = 0x01686025
  memory[0x0000001c..0x0000001f] = 0x110a0007
  memory[0x00000020..0x00000023] = 0x00000020
  memory[0x00000024..0x00000027] = 0x00000020
  memory[0x00000028..0x0000002b] = 0x01686824
  memory[0x0000002c..0x0000002f] = 0x00000020
  memory[0x00000030..0x00000033] = 0x00000020
  memory[0x00000034..0x00000037] = 0x00000020
  memory[0x00000038..0x0000003b] = 0x00000020
  memory[0x0000003c..0x0000003f] = 0x01097020
  memory[0x00000040..0x00000043] = 0x00000020
  memory[0x00000044..0x00000047] = 0x00000020
  memory[0x00000048..0x0000004b] = 0x00000020
  memory[0x0000004c..0x0000004f] = 0x00000020
INFO: Simulating cycle 18
WARNING: Unsupported `funct' 0
==================== Cycle 18 ====================
PC = 0x0000005c
Registers:
  $08 = 0x00000711
  $09 = 0x00000711
  $10 = 0x00001030
  $11 = 0x00000703
  $12 = 0x00000713
  $13 = 0x00000701
  $14 = 0x00000e22
Data Memory:
  memory[0x00000000..0x00000003] = 0x00000010
  memory[0x00000004..0x00000007] = 0x00000055
Instruction Memory:
  memory[0x00000000..0x00000003] = 0x11090005
  memory[0x00000004..0x00000007] = 0x00000020
  memory[0x00000008..0x0000000b] = 0x00000020
  memory[0x0000000c..0x0000000f] = 0x01097020
  memory[0x00000010..0x00000013] = 0x00000020
  memory[0x00000014..0x00000017] = 0x00000020
  memory[0x00000018..0x0000001b] = 0x01686025
  memory[0x0000001c..0x0000001f] = 0x110a0007
  memory[0x00000020..0x00000023] = 0x00000020
  memory[0x00000024..0x00000027] = 0x00000020
  memory[0x00000028..0x0000002b] = 0x01686824
  memory[0x0000002c..0x0000002f] = 0x00000020
  memory[0x00000030..0x00000033] = 0x00000020
  memory[0x00000034..0x00000037] = 0x00000020
  memory[0x00000038..0x0000003b] = 0x00000020
  memory[0x0000003c..0x0000003f] = 0x01097020
  memory[0x00000040..0x00000043] = 0x00000020
  memory[0x00000044..0x00000047] = 0x00000020
  memory[0x00000048..0x0000004b] = 0x00000020
  memory[0x0000004c..0x0000004f] = 0x00000020
INFO: Simulating cycle 19
WARNING: Unsupported `funct' 0
==================== Cycle 19 ====================
PC = 0x00000060
Registers:
  $08 = 0x00000711
  $09 = 0x00000711
  $10 = 0x00001030
  $11 = 0x00000703
  $12 = 0x00000713
  $13 = 0x00000701
  $14 = 0x00000e22
Data Memory:
  memory[0x00000000..0x00000003] = 0x00000010
  memory[0x00000004..0x00000007] = 0x00000055
Instruction Memory:
  memory[0x00000000..0x00000003] = 0x11090005
  memory[0x00000004..0x00000007] = 0x00000020
  memory[0x00000008..0x0000000b] = 0x00000020
  memory[0x0000000c..0x0000000f] = 0x01097020
  memory[0x00000010..0x00000013] = 0x00000020
  memory[0x00000014..0x00000017] = 0x00000020
  memory[0x00000018..0x0000001b] = 0x01686025
  memory[0x0000001c..0x0000001f] = 0x110a0007
  memory[0x00000020..0x00000023] = 0x00000020
  memory[0x00000024..0x00000027] = 0x00000020
  memory[0x00000028..0x0000002b] = 0x01686824
  memory[0x0000002c..0x0000002f] = 0x00000020
  memory[0x00000030..0x00000033] = 0x00000020
  memory[0x00000034..0x00000037] = 0x00000020
  memory[0x00000038..0x0000003b] = 0x00000020
  memory[0x0000003c..0x0000003f] = 0x01097020
  memory[0x00000040..0x00000043] = 0x00000020
  memory[0x00000044..0x00000047] = 0x00000020
  memory[0x00000048..0x0000004b] = 0x00000020
  memory[0x0000004c..0x0000004f] = 0x00000020
INFO: Simulating cycle 20
WARNING: Unsupported `funct' 0
==================== Cycle 20 ====================
PC = 0x00000064
Registers:
  $08 = 0x00000711
  $09 = 0x00000711
  $10 = 0x00001030
  $11 = 0x00000703
  $12 = 0x00000713
  $13 = 0x00000701
  $14 = 0x00000e22
Data Memory:
  memory[0x00000000..0x00000003] = 0x00000010
  memory[0x00000004..0x00000007] = 0x00000055
Instruction Memory:
  memory[0x00000000..0x00000003] = 0x11090005
  memory[0x00000004..0x00000007] = 0x00000020
  memory[0x00000008..0x0000000b] = 0x00000020
  memory[0x0000000c..0x0000000f] = 0x01097020
  memory[0x00000010..0x00000013] = 0x00000020
  memory[0x00000014..0x00000017] = 0x00000020
  memory[0x00000018..0x0000001b] = 0x01686025
  memory[0x0000001c..0x0000001f] = 0x110a0007
  memory[0x00000020..0x00000023] = 0x00000020
  memory[0x00000024..0x00000027] = 0x00000020
  memory[0x00000028..0x0000002b] = 0x01686824
  memory[0x0000002c..0x0000002f] = 0x00000020
  memory[0x00000030..0x00000033] = 0x00000020
  memory[0x00000034..0x00000037] = 0x00000020
  memory[0x00000038..0x0000003b] = 0x00000020
  memory[0x0000003c..0x0000003f] = 0x01097020
  memory[0x00000040..0x00000043] = 0x00000020
  memory[0x00000044..0x00000047] = 0x00000020
  memory[0x00000048..0x0000004b] = 0x00000020
  memory[0x0000004c..0x0000004f] = 0x00000020
